// Jest Snapshot v1, https://goo.gl/fbAQLP

exports[`react-css-modules should generate the expected files 1`] = `
Object {
  "index.html": "
  <!DOCTYPE html>
  <html>
    <head>
      <meta charset=\\"UTF-8\\">
      <title>My Awesome Project</title>
      <meta name=\\"viewport\\" content=\\"width=device-width, initial-scale=1\\">
      <link rel=\\"stylesheet\\" type=\\"text/css\\" href=\\"/style.css\\" />
    </head>
    <body>
      <div id=\\"app\\"><div class=\\"_1brbpTo Jlnxw97\\" data-reactroot=\\"\\"><div class=\\"_3YtmnHj lwsthgY\\">Hello World</div></div></div>
      <script type=\\"text/javascript\\" src=\\"/main.js\\"></script>
    </body>
  </html>
",
  "main.js": "CONTENTS IGNORED IN SNAPSHOT TEST",
  "style.css": "._1brbpTo{display:-webkit-box;display:-webkit-flex;display:-ms-flexbox;display:flex}._1brbpTo ._3YtmnHj{font-size:32px}
.Jlnxw97{-webkit-box-align:center;-webkit-align-items:center;-ms-flex-align:center;align-items:center}.Jlnxw97 .lwsthgY{color:red}
",
}
`;
